Fetching category links...
Found 63 categories.
[1/63] Scraping category: https://tools.by/catalog/4682/97878/97955?brand_id[0]=144
[2/63] Scraping category: https://tools.by/catalog/1237/57408/1598364?brand_id[0]=144
[3/63] Scraping category: https://tools.by/catalog/1237/5343/102568?brand_id[0]=144
[4/63] Scraping category: https://tools.by/catalog/98083/98085?brand_id[0]=144
[5/63] Scraping category: https://tools.by/catalog/54/922?brand_id[0]=144
[6/63] Scraping category: https://tools.by/catalog/54/22747?brand_id[0]=144
[7/63] Scraping category: https://tools.by/catalog/1237/972779/924346?brand_id[0]=144
[8/63] Scraping category: https://tools.by/catalog/54/998921?brand_id[0]=144
[9/63] Scraping category: https://tools.by/catalog/1237/981143/919892?brand_id[0]=144
[10/63] Scraping category: https://tools.by/catalog/1641561/1641570?brand_id[0]=144
[11/63] Scraping category: https://tools.by/catalog/26/955202/14219?brand_id[0]=144
[12/63] Scraping category: https://tools.by/catalog/54/1041/936029?brand_id[0]=144
[13/63] Scraping category: https://tools.by/catalog/1641561/1641569?brand_id[0]=144
[14/63] Scraping category: https://tools.by/catalog/1237/70443/70324?brand_id[0]=144
[15/63] Scraping category: https://tools.by/catalog/9416/1005740?brand_id[0]=144
[16/63] Scraping category: https://tools.by/catalog/1237/57408?brand_id[0]=144
[17/63] Scraping category: https://tools.by/catalog/1237/5343/923375?brand_id[0]=144
Error fetching https://tools.by/catalog/1237/5343/923375?brand_id[0]=144&page=2: HTTPSConnectionPool(host='tools.by', port=443): Max retries exceeded with url: /catalog/1237/5343/923375?brand_id%5B0%5D=144&page=2 (Caused by ConnectTimeoutError(<HTTPSConnection(host='tools.by', port=443) at 0x7fa9c69f83b0>, 'Connection to tools.by timed out. (connect timeout=15)')). Retrying 1/3...
[18/63] Scraping category: https://tools.by/catalog/603/6505?brand_id[0]=144
[19/63] Scraping category: https://tools.by/catalog/603/6505/56162?brand_id[0]=144
[20/63] Scraping category: https://tools.by/catalog/603/1918/24029?brand_id[0]=144
[21/63] Scraping category: https://tools.by/catalog/1237/4925?brand_id[0]=144
[22/63] Scraping category: https://tools.by/catalog/54/57702?brand_id[0]=144
[23/63] Scraping category: https://tools.by/catalog/1698803/1718554?brand_id[0]=144
[24/63] Scraping category: https://tools.by/catalog/603/1918/15701?brand_id[0]=144
[25/63] Scraping category: https://tools.by/catalog/54/1041/1654908?brand_id[0]=144
[26/63] Scraping category: https://tools.by/catalog/54/18620?brand_id[0]=144
[27/63] Scraping category: https://tools.by/catalog/1237/981143/1703172?brand_id[0]=144
[28/63] Scraping category: https://tools.by/catalog/1237/101294?brand_id[0]=144
[29/63] Scraping category: https://tools.by/catalog/1641561/1641566?brand_id[0]=144
[30/63] Scraping category: https://tools.by/catalog/1237/5343/972785?brand_id[0]=144
[31/63] Scraping category: https://tools.by/catalog/1237/5343/98106?brand_id[0]=144
Error fetching https://tools.by/catalog/1237/5343/98106?brand_id[0]=144&page=2: HTTPSConnectionPool(host='tools.by', port=443): Max retries exceeded with url: /catalog/1237/5343/98106?brand_id%5B0%5D=144&page=2 (Caused by ConnectTimeoutError(<HTTPSConnection(host='tools.by', port=443) at 0x7fa9c5b97e90>, 'Connection to tools.by timed out. (connect timeout=15)')). Retrying 1/3...
[32/63] Scraping category: https://tools.by/catalog/54/1041/917901?brand_id[0]=144
[33/63] Scraping category: https://tools.by/catalog/54/921/10420?brand_id[0]=144
[34/63] Scraping category: https://tools.by/catalog/54/1014923?brand_id[0]=144
[35/63] Scraping category: https://tools.by/catalog/1237/70443/10965?brand_id[0]=144
[36/63] Scraping category: https://tools.by/catalog/603/5575?brand_id[0]=144
[37/63] Scraping category: https://tools.by/catalog/54/913035?brand_id[0]=144
[38/63] Scraping category: https://tools.by/catalog/1237/972779?brand_id[0]=144
[39/63] Scraping category: https://tools.by/catalog/1237/981143/20360?brand_id[0]=144
[40/63] Scraping category: https://tools.by/catalog/1237/5343/98105?brand_id[0]=144
[41/63] Scraping category: https://tools.by/catalog/603/1918/15701/60748?brand_id[0]=144
[42/63] Scraping category: https://tools.by/catalog/1237/939914?brand_id[0]=144
[43/63] Scraping category: https://tools.by/catalog/1005736/1005741?brand_id[0]=144
[44/63] Scraping category: https://tools.by/catalog/1237/70443/9423?brand_id[0]=144
[45/63] Scraping category: https://tools.by/catalog/9416/96286?brand_id[0]=144
[46/63] Scraping category: https://tools.by/catalog/1641561/1641563?brand_id[0]=144
[47/63] Scraping category: https://tools.by/catalog/1641561/1641564?brand_id[0]=144
[48/63] Scraping category: https://tools.by/catalog/4682/97878?brand_id[0]=144
[49/63] Scraping category: https://tools.by/catalog/54/1041/52323?brand_id[0]=144
[50/63] Scraping category: https://tools.by/catalog/1237/70443/924843?brand_id[0]=144
[51/63] Scraping category: https://tools.by/catalog/9416/96284?brand_id[0]=144
[52/63] Scraping category: https://tools.by/catalog/54/1006?brand_id[0]=144
[53/63] Scraping category: https://tools.by/catalog/1237/47419?brand_id[0]=144
[54/63] Scraping category: https://tools.by/catalog/54/1052?brand_id[0]=144
[55/63] Scraping category: https://tools.by/catalog/1237/70443/929528?brand_id[0]=144
Error fetching https://tools.by/catalog/1237/70443/929528?brand_id[0]=144&page=2: HTTPSConnectionPool(host='tools.by', port=443): Max retries exceeded with url: /catalog/1237/70443/929528?brand_id%5B0%5D=144&page=2 (Caused by ConnectTimeoutError(<HTTPSConnection(host='tools.by', port=443) at 0x7fa9c5a865d0>, 'Connection to tools.by timed out. (connect timeout=15)')). Retrying 1/3...
[56/63] Scraping category: https://tools.by/catalog/603/11092/15722?brand_id[0]=144
[57/63] Scraping category: https://tools.by/catalog/54/18413?brand_id[0]=144
[58/63] Scraping category: https://tools.by/catalog/54/921/10419?brand_id[0]=144
Error fetching https://tools.by/catalog/54/921/10419?brand_id[0]=144&page=1: HTTPSConnectionPool(host='tools.by', port=443): Max retries exceeded with url: /catalog/54/921/10419?brand_id%5B0%5D=144&page=1 (Caused by ConnectTimeoutError(<HTTPSConnection(host='tools.by', port=443) at 0x7fa9c6407980>, 'Connection to tools.by timed out. (connect timeout=15)')). Retrying 1/3...
[59/63] Scraping category: https://tools.by/catalog/9416/102690?brand_id[0]=144
Error fetching https://tools.by/catalog/9416/102690?brand_id[0]=144&page=2: HTTPSConnectionPool(host='tools.by', port=443): Max retries exceeded with url: /catalog/9416/102690?brand_id%5B0%5D=144&page=2 (Caused by ConnectTimeoutError(<HTTPSConnection(host='tools.by', port=443) at 0x7fa9c627a6c0>, 'Connection to tools.by timed out. (connect timeout=15)')). Retrying 1/3...
[60/63] Scraping category: https://tools.by/catalog/1237/70443/1250?brand_id[0]=144
[61/63] Scraping category: https://tools.by/catalog/54/1041/1654909?brand_id[0]=144
[62/63] Scraping category: https://tools.by/catalog/54/6286?brand_id[0]=144
[63/63] Scraping category: https://tools.by/catalog/54/921/22805?brand_id[0]=144

Total new unique products to scrape: 545
Error fetching https://tools.by/product/1647891: HTTPSConnectionPool(host='tools.by', port=443): Max retries exceeded with url: /product/1647891 (Caused by ConnectTimeoutError(<HTTPSConnection(host='tools.by', port=443) at 0x7fa9c5096240>, 'Connection to tools.by timed out. (connect timeout=15)')). Retrying 1/3...
Error fetching https://tools.by/product/1719486?slide=2: HTTPSConnectionPool(host='tools.by', port=443): Max retries exceeded with url: /product/1719486?slide=2 (Caused by ConnectTimeoutError(<HTTPSConnection(host='tools.by', port=443) at 0x7fa9c60c55b0>, 'Connection to tools.by timed out. (connect timeout=15)')). Retrying 1/3...

Scraping complete. Data saved to eco_products.csv
